../Core/Src/main.c:74:6:vGASDataSendingTask	88	static
../Core/Src/main.c:96:6:vDistanceTask	80	static
../Core/Src/main.c:109:6:vTEMPDataSendingTask	88	static
../Core/Src/main.c:131:5:main	56	static
../Core/Src/main.c:211:6:SystemClock_Config	88	static
../Core/Src/main.c:258:13:MX_ADC1_Init	24	static
../Core/Src/main.c:310:13:MX_TIM4_Init	48	static
../Core/Src/main.c:368:13:MX_USART2_UART_Init	8	static
../Core/Src/main.c:401:13:MX_GPIO_Init	40	static
../Core/Src/main.c:447:6:StartDefaultTask	16	static
../Core/Src/main.c:466:6:HAL_TIM_PeriodElapsedCallback	16	static
../Core/Src/main.c:483:6:Error_Handler	4	static,ignoring_inline_asm
